[2026-05-07T10:55:43.372Z] GET file:///Users/tofus/that/yea-shinn/index.html → 200 (1ms, 48628B)
[2026-05-07T10:55:43.376Z] GET https://fonts.googleapis.com/css2?family=Noto+Sans+TC:wght@300;400;500;700&family=DM+Sans:ital,opsz,wght@0,9..40,300;0,9..40,400;0,9..40,500;0,9..40,700;1,9..40,400&family=Fraunces:ital,opsz,wght@0,9..144,400;0,9..144,700;1,9..144,400&display=swap → 200 (97ms, 491261B)
[2026-05-07T10:55:43.376Z] GET file:///Users/tofus/that/yea-shinn/images/ys.png → 200 (2ms, 175154B)
[2026-05-07T10:55:43.376Z] GET file:///Users/tofus/that/yea-shinn/images/_MG_0062.jpg → 200 (3ms, 151541B)
[2026-05-07T10:55:43.552Z] GET https://fonts.gstatic.com/s/notosanstc/v39/-nF7OG829Oofr2wohFbTp9i1OCEKIfVZ1w.woff2 → pending (?ms, ?B)
[2026-05-07T10:55:43.552Z] GET https://fonts.gstatic.com/s/dmsans/v17/rP2Hp2ywxg089UriCZOIHTWEBlw.woff2 → pending (?ms, ?B)
[2026-05-07T10:55:43.552Z] GET https://fonts.gstatic.com/s/fraunces/v38/6NU78FyLNQOQZAnv9bYEvDiIdE9Ea92uemAk_WBq8U_9v0c2Wa0KxC9TeP2Xz5c.woff2 → pending (?ms, ?B)
[2026-05-07T10:55:43.552Z] GET https://fonts.gstatic.com/s/notosanstc/v39/-nF7OG829Oofr2wohFbTp9iFOisNA_cTyNromxqQuEMQ2wHYwbnmy1R1jDujLebozBXCo2qYhRo.119.woff2 → pending (?ms, ?B)
[2026-05-07T10:55:43.552Z] GET https://fonts.gstatic.com/s/notosanstc/v39/-nF7OG829Oofr2wohFbTp9iFOisNA_cTyNromxqQuEMQ2wHYwbnmy1R1jDujLebozBXCo2qYhRo.118.woff2 → pending (?ms, ?B)
[2026-05-07T10:55:43.552Z] GET https://fonts.gstatic.com/s/notosanstc/v39/-nF7OG829Oofr2wohFbTp9iFOisNA_cTyNromxqQuEMQ2wHYwbnmy1R1jDujLebozBXCo2qYhRo.117.woff2 → pending (?ms, ?B)
[2026-05-07T10:55:43.553Z] GET https://fonts.gstatic.com/s/notosanstc/v39/-nF7OG829Oofr2wohFbTp9iFOisNA_cTyNromxqQuEMQ2wHYwbnmy1R1jDujLebozBXCo2qYhRo.116.woff2 → pending (?ms, ?B)
[2026-05-07T10:55:43.553Z] GET https://fonts.gstatic.com/s/notosanstc/v39/-nF7OG829Oofr2wohFbTp9iFOisNA_cTyNromxqQuEMQ2wHYwbnmy1R1jDujLebozBXCo2qYhRo.115.woff2 → pending (?ms, ?B)
[2026-05-07T10:55:43.553Z] GET https://fonts.gstatic.com/s/notosanstc/v39/-nF7OG829Oofr2wohFbTp9iFOisNA_cTyNromxqQuEMQ2wHYwbnmy1R1jDujLebozBXCo2qYhRo.104.woff2 → pending (?ms, ?B)
[2026-05-07T10:55:43.553Z] GET https://fonts.gstatic.com/s/notosanstc/v39/-nF7OG829Oofr2wohFbTp9iFOisNA_cTyNromxqQuEMQ2wHYwbnmy1R1jDujLebozBXCo2qYhRo.114.woff2 → pending (?ms, ?B)
[2026-05-07T10:55:43.554Z] GET https://fonts.gstatic.com/s/notosanstc/v39/-nF7OG829Oofr2wohFbTp9iFOisNA_cTyNromxqQuEMQ2wHYwbnmy1R1jDujLebozBXCo2qYhRo.112.woff2 → pending (?ms, ?B)
[2026-05-07T10:55:43.555Z] GET https://fonts.gstatic.com/s/notosanstc/v39/-nF7OG829Oofr2wohFbTp9iFOisNA_cTyNromxqQuEMQ2wHYwbnmy1R1jDujLebozBXCo2qYhRo.110.woff2 → pending (?ms, ?B)
[2026-05-07T10:55:43.555Z] GET https://fonts.gstatic.com/s/notosanstc/v39/-nF7OG829Oofr2wohFbTp9iFOisNA_cTyNromxqQuEMQ2wHYwbnmy1R1jDujLebozBXCo2qYhRo.109.woff2 → pending (?ms, ?B)
[2026-05-07T10:55:43.555Z] GET https://fonts.gstatic.com/s/notosanstc/v39/-nF7OG829Oofr2wohFbTp9iFOisNA_cTyNromxqQuEMQ2wHYwbnmy1R1jDujLebozBXCo2qYhRo.106.woff2 → pending (?ms, ?B)
[2026-05-07T10:55:43.555Z] GET https://fonts.gstatic.com/s/notosanstc/v39/-nF7OG829Oofr2wohFbTp9iFOisNA_cTyNromxqQuEMQ2wHYwbnmy1R1jDujLebozBXCo2qYhRo.113.woff2 → pending (?ms, ?B)
[2026-05-07T10:55:43.556Z] GET https://fonts.gstatic.com/s/notosanstc/v39/-nF7OG829Oofr2wohFbTp9iFOisNA_cTyNromxqQuEMQ2wHYwbnmy1R1jDujLebozBXCo2qYhRo.111.woff2 → pending (?ms, ?B)
[2026-05-07T10:55:43.556Z] GET https://fonts.gstatic.com/s/notosanstc/v39/-nF7OG829Oofr2wohFbTp9iFOisNA_cTyNromxqQuEMQ2wHYwbnmy1R1jDujLebozBXCo2qYhRo.108.woff2 → pending (?ms, ?B)
[2026-05-07T10:55:43.556Z] GET https://fonts.gstatic.com/s/notosanstc/v39/-nF7OG829Oofr2wohFbTp9iFOisNA_cTyNromxqQuEMQ2wHYwbnmy1R1jDujLebozBXCo2qYhRo.107.woff2 → pending (?ms, ?B)
[2026-05-07T10:55:43.556Z] GET https://fonts.gstatic.com/s/notosanstc/v39/-nF7OG829Oofr2wohFbTp9iFOisNA_cTyNromxqQuEMQ2wHYwbnmy1R1jDujLebozBXCo2qYhRo.101.woff2 → pending (?ms, ?B)
[2026-05-07T10:55:43.556Z] GET https://fonts.gstatic.com/s/notosanstc/v39/-nF7OG829Oofr2wohFbTp9iFOisNA_cTyNromxqQuEMQ2wHYwbnmy1R1jDujLebozBXCo2qYhRo.46.woff2 → pending (?ms, ?B)
[2026-05-07T10:55:43.556Z] GET https://fonts.gstatic.com/s/notosanstc/v39/-nF7OG829Oofr2wohFbTp9iFOisNA_cTyNromxqQuEMQ2wHYwbnmy1R1jDujLebozBXCo2qYhRo.100.woff2 → pending (?ms, ?B)
[2026-05-07T10:55:43.556Z] GET file:///Users/tofus/that/yea-shinn/images/product8.jpg → 200 (2ms, 27261B)
[2026-05-07T10:55:43.556Z] GET file:///Users/tofus/that/yea-shinn/images/product3.jpg → 200 (2ms, 29637B)
[2026-05-07T10:55:43.556Z] GET file:///Users/tofus/that/yea-shinn/images/product4.jpg → 200 (2ms, 23997B)
[2026-05-07T10:55:43.556Z] GET file:///Users/tofus/that/yea-shinn/images/product7.jpg → 200 (2ms, 21322B)
[2026-05-07T10:55:43.556Z] GET file:///Users/tofus/that/yea-shinn/images/product2.jpg → 200 (2ms, 25123B)
[2026-05-07T10:55:43.556Z] GET file:///Users/tofus/that/yea-shinn/images/product5.jpg → 200 (3ms, 40278B)
[2026-05-07T10:55:43.556Z] GET file:///Users/tofus/that/yea-shinn/images/product6.jpg → 200 (3ms, 24784B)
[2026-05-07T10:55:43.556Z] GET file:///Users/tofus/that/yea-shinn/images/product1.jpg → 200 (3ms, 30802B)
[2026-05-07T10:55:55.642Z] GET file:///Users/tofus/that/yea-shinn/index.html → 200 (?ms, 48628B)
[2026-05-07T10:55:55.645Z] GET https://fonts.googleapis.com/css2?family=Noto+Sans+TC:wght@300;400;500;700&family=DM+Sans:ital,opsz,wght@0,9..40,300;0,9..40,400;0,9..40,500;0,9..40,700;1,9..40,400&family=Fraunces:ital,opsz,wght@0,9..144,400;0,9..144,700;1,9..144,400&display=swap → 200 (1ms, 491261B)
[2026-05-07T10:55:55.645Z] GET file:///Users/tofus/that/yea-shinn/images/ys.png → 200 (1ms, 175154B)
[2026-05-07T10:55:55.645Z] GET file:///Users/tofus/that/yea-shinn/images/_MG_0062.jpg → 200 (1ms, 151541B)
[2026-05-07T10:55:55.661Z] GET https://fonts.gstatic.com/s/notosanstc/v39/-nF7OG829Oofr2wohFbTp9i1OCEKIfVZ1w.woff2 → 200 (5ms, ?B)
[2026-05-07T10:55:55.661Z] GET https://fonts.gstatic.com/s/dmsans/v17/rP2Hp2ywxg089UriCZOIHTWEBlw.woff2 → 200 (5ms, ?B)
[2026-05-07T10:55:55.661Z] GET https://fonts.gstatic.com/s/fraunces/v38/6NU78FyLNQOQZAnv9bYEvDiIdE9Ea92uemAk_WBq8U_9v0c2Wa0KxC9TeP2Xz5c.woff2 → 200 (5ms, ?B)
[2026-05-07T10:55:55.661Z] GET https://fonts.gstatic.com/s/notosanstc/v39/-nF7OG829Oofr2wohFbTp9iFOisNA_cTyNromxqQuEMQ2wHYwbnmy1R1jDujLebozBXCo2qYhRo.119.woff2 → 200 (5ms, ?B)
[2026-05-07T10:55:55.661Z] GET https://fonts.gstatic.com/s/notosanstc/v39/-nF7OG829Oofr2wohFbTp9iFOisNA_cTyNromxqQuEMQ2wHYwbnmy1R1jDujLebozBXCo2qYhRo.118.woff2 → 200 (5ms, ?B)
[2026-05-07T10:55:55.661Z] GET https://fonts.gstatic.com/s/notosanstc/v39/-nF7OG829Oofr2wohFbTp9iFOisNA_cTyNromxqQuEMQ2wHYwbnmy1R1jDujLebozBXCo2qYhRo.117.woff2 → 200 (5ms, ?B)
[2026-05-07T10:55:55.662Z] GET https://fonts.gstatic.com/s/notosanstc/v39/-nF7OG829Oofr2wohFbTp9iFOisNA_cTyNromxqQuEMQ2wHYwbnmy1R1jDujLebozBXCo2qYhRo.116.woff2 → 200 (5ms, ?B)
[2026-05-07T10:55:55.662Z] GET https://fonts.gstatic.com/s/notosanstc/v39/-nF7OG829Oofr2wohFbTp9iFOisNA_cTyNromxqQuEMQ2wHYwbnmy1R1jDujLebozBXCo2qYhRo.115.woff2 → 200 (5ms, ?B)
[2026-05-07T10:55:55.662Z] GET https://fonts.gstatic.com/s/notosanstc/v39/-nF7OG829Oofr2wohFbTp9iFOisNA_cTyNromxqQuEMQ2wHYwbnmy1R1jDujLebozBXCo2qYhRo.104.woff2 → 200 (5ms, ?B)
[2026-05-07T10:55:55.662Z] GET https://fonts.gstatic.com/s/notosanstc/v39/-nF7OG829Oofr2wohFbTp9iFOisNA_cTyNromxqQuEMQ2wHYwbnmy1R1jDujLebozBXCo2qYhRo.114.woff2 → 200 (5ms, ?B)
[2026-05-07T10:55:55.662Z] GET https://fonts.gstatic.com/s/notosanstc/v39/-nF7OG829Oofr2wohFbTp9iFOisNA_cTyNromxqQuEMQ2wHYwbnmy1R1jDujLebozBXCo2qYhRo.112.woff2 → 200 (5ms, ?B)
[2026-05-07T10:55:55.664Z] GET https://fonts.gstatic.com/s/notosanstc/v39/-nF7OG829Oofr2wohFbTp9iFOisNA_cTyNromxqQuEMQ2wHYwbnmy1R1jDujLebozBXCo2qYhRo.110.woff2 → 200 (4ms, ?B)
[2026-05-07T10:55:55.664Z] GET https://fonts.gstatic.com/s/notosanstc/v39/-nF7OG829Oofr2wohFbTp9iFOisNA_cTyNromxqQuEMQ2wHYwbnmy1R1jDujLebozBXCo2qYhRo.109.woff2 → 200 (3ms, ?B)
[2026-05-07T10:55:55.664Z] GET https://fonts.gstatic.com/s/notosanstc/v39/-nF7OG829Oofr2wohFbTp9iFOisNA_cTyNromxqQuEMQ2wHYwbnmy1R1jDujLebozBXCo2qYhRo.106.woff2 → 200 (4ms, ?B)
[2026-05-07T10:55:55.664Z] GET https://fonts.gstatic.com/s/notosanstc/v39/-nF7OG829Oofr2wohFbTp9iFOisNA_cTyNromxqQuEMQ2wHYwbnmy1R1jDujLebozBXCo2qYhRo.113.woff2 → 200 (3ms, ?B)
[2026-05-07T10:55:55.664Z] GET https://fonts.gstatic.com/s/notosanstc/v39/-nF7OG829Oofr2wohFbTp9iFOisNA_cTyNromxqQuEMQ2wHYwbnmy1R1jDujLebozBXCo2qYhRo.111.woff2 → 200 (4ms, ?B)
[2026-05-07T10:55:55.665Z] GET https://fonts.gstatic.com/s/notosanstc/v39/-nF7OG829Oofr2wohFbTp9iFOisNA_cTyNromxqQuEMQ2wHYwbnmy1R1jDujLebozBXCo2qYhRo.108.woff2 → 200 (3ms, ?B)
[2026-05-07T10:55:55.665Z] GET https://fonts.gstatic.com/s/notosanstc/v39/-nF7OG829Oofr2wohFbTp9iFOisNA_cTyNromxqQuEMQ2wHYwbnmy1R1jDujLebozBXCo2qYhRo.107.woff2 → 200 (3ms, ?B)
[2026-05-07T10:55:55.665Z] GET https://fonts.gstatic.com/s/notosanstc/v39/-nF7OG829Oofr2wohFbTp9iFOisNA_cTyNromxqQuEMQ2wHYwbnmy1R1jDujLebozBXCo2qYhRo.101.woff2 → 200 (4ms, ?B)
[2026-05-07T10:55:55.665Z] GET https://fonts.gstatic.com/s/notosanstc/v39/-nF7OG829Oofr2wohFbTp9iFOisNA_cTyNromxqQuEMQ2wHYwbnmy1R1jDujLebozBXCo2qYhRo.46.woff2 → 200 (3ms, ?B)
[2026-05-07T10:55:55.665Z] GET https://fonts.gstatic.com/s/notosanstc/v39/-nF7OG829Oofr2wohFbTp9iFOisNA_cTyNromxqQuEMQ2wHYwbnmy1R1jDujLebozBXCo2qYhRo.100.woff2 → 200 (4ms, ?B)
[2026-05-07T10:55:55.665Z] GET file:///Users/tofus/that/yea-shinn/images/product8.jpg → 200 (4ms, ?B)
[2026-05-07T10:55:55.665Z] GET file:///Users/tofus/that/yea-shinn/images/product3.jpg → 200 (4ms, ?B)
[2026-05-07T10:55:55.665Z] GET file:///Users/tofus/that/yea-shinn/images/product4.jpg → 200 (4ms, ?B)
[2026-05-07T10:55:55.665Z] GET file:///Users/tofus/that/yea-shinn/images/product7.jpg → 200 (4ms, ?B)
[2026-05-07T10:55:55.665Z] GET file:///Users/tofus/that/yea-shinn/images/product2.jpg → 200 (5ms, ?B)
[2026-05-07T10:55:55.665Z] GET file:///Users/tofus/that/yea-shinn/images/product5.jpg → 200 (5ms, ?B)
[2026-05-07T10:55:55.665Z] GET file:///Users/tofus/that/yea-shinn/images/product6.jpg → 200 (5ms, ?B)
[2026-05-07T10:55:55.665Z] GET file:///Users/tofus/that/yea-shinn/images/product1.jpg → 200 (5ms, ?B)
[2026-05-07T10:56:44.908Z] GET file:///Users/tofus/that/yea-shinn/index.html → 200 (?ms, 49034B)
[2026-05-07T10:56:44.911Z] GET https://fonts.googleapis.com/css2?family=Noto+Sans+TC:wght@300;400;500;700&family=DM+Sans:ital,opsz,wght@0,9..40,300;0,9..40,400;0,9..40,500;0,9..40,700;1,9..40,400&family=Fraunces:ital,opsz,wght@0,9..144,400;0,9..144,700;1,9..144,400&display=swap → 200 (1ms, 491261B)
[2026-05-07T10:56:44.911Z] GET file:///Users/tofus/that/yea-shinn/images/ys.png → 200 (1ms, 175154B)
[2026-05-07T10:56:44.911Z] GET file:///Users/tofus/that/yea-shinn/images/_MG_0062.jpg → 200 (1ms, 151541B)
[2026-05-07T10:56:44.932Z] GET https://fonts.gstatic.com/s/notosanstc/v39/-nF7OG829Oofr2wohFbTp9i1OCEKIfVZ1w.woff2 → 200 (?ms, 25224B)
[2026-05-07T10:56:44.932Z] GET https://fonts.gstatic.com/s/dmsans/v17/rP2Hp2ywxg089UriCZOIHTWEBlw.woff2 → 200 (?ms, 62556B)
[2026-05-07T10:56:44.932Z] GET https://fonts.gstatic.com/s/fraunces/v38/6NU78FyLNQOQZAnv9bYEvDiIdE9Ea92uemAk_WBq8U_9v0c2Wa0KxC9TeP2Xz5c.woff2 → 200 (1ms, 67388B)
[2026-05-07T10:56:44.932Z] GET https://fonts.gstatic.com/s/notosanstc/v39/-nF7OG829Oofr2wohFbTp9iFOisNA_cTyNromxqQuEMQ2wHYwbnmy1R1jDujLebozBXCo2qYhRo.119.woff2 → 200 (1ms, 34592B)
[2026-05-07T10:56:44.932Z] GET https://fonts.gstatic.com/s/notosanstc/v39/-nF7OG829Oofr2wohFbTp9iFOisNA_cTyNromxqQuEMQ2wHYwbnmy1R1jDujLebozBXCo2qYhRo.118.woff2 → 200 (1ms, 60208B)
[2026-05-07T10:56:44.932Z] GET https://fonts.gstatic.com/s/notosanstc/v39/-nF7OG829Oofr2wohFbTp9iFOisNA_cTyNromxqQuEMQ2wHYwbnmy1R1jDujLebozBXCo2qYhRo.117.woff2 → 200 (1ms, 65444B)
[2026-05-07T10:56:44.932Z] GET https://fonts.gstatic.com/s/notosanstc/v39/-nF7OG829Oofr2wohFbTp9iFOisNA_cTyNromxqQuEMQ2wHYwbnmy1R1jDujLebozBXCo2qYhRo.116.woff2 → 200 (1ms, 71596B)
[2026-05-07T10:56:44.932Z] GET https://fonts.gstatic.com/s/notosanstc/v39/-nF7OG829Oofr2wohFbTp9iFOisNA_cTyNromxqQuEMQ2wHYwbnmy1R1jDujLebozBXCo2qYhRo.115.woff2 → 200 (1ms, 74404B)
[2026-05-07T10:56:44.932Z] GET https://fonts.gstatic.com/s/notosanstc/v39/-nF7OG829Oofr2wohFbTp9iFOisNA_cTyNromxqQuEMQ2wHYwbnmy1R1jDujLebozBXCo2qYhRo.104.woff2 → 200 (2ms, 68808B)
[2026-05-07T10:56:44.932Z] GET https://fonts.gstatic.com/s/notosanstc/v39/-nF7OG829Oofr2wohFbTp9iFOisNA_cTyNromxqQuEMQ2wHYwbnmy1R1jDujLebozBXCo2qYhRo.114.woff2 → 200 (2ms, 85036B)
[2026-05-07T10:56:44.932Z] GET https://fonts.gstatic.com/s/notosanstc/v39/-nF7OG829Oofr2wohFbTp9iFOisNA_cTyNromxqQuEMQ2wHYwbnmy1R1jDujLebozBXCo2qYhRo.112.woff2 → 200 (2ms, 73500B)
[2026-05-07T10:56:44.932Z] GET https://fonts.gstatic.com/s/notosanstc/v39/-nF7OG829Oofr2wohFbTp9iFOisNA_cTyNromxqQuEMQ2wHYwbnmy1R1jDujLebozBXCo2qYhRo.110.woff2 → 200 (2ms, 79300B)
[2026-05-07T10:56:44.932Z] GET https://fonts.gstatic.com/s/notosanstc/v39/-nF7OG829Oofr2wohFbTp9iFOisNA_cTyNromxqQuEMQ2wHYwbnmy1R1jDujLebozBXCo2qYhRo.109.woff2 → 200 (2ms, 71976B)
[2026-05-07T10:56:44.932Z] GET https://fonts.gstatic.com/s/notosanstc/v39/-nF7OG829Oofr2wohFbTp9iFOisNA_cTyNromxqQuEMQ2wHYwbnmy1R1jDujLebozBXCo2qYhRo.106.woff2 → 200 (2ms, 72448B)
[2026-05-07T10:56:44.932Z] GET https://fonts.gstatic.com/s/notosanstc/v39/-nF7OG829Oofr2wohFbTp9iFOisNA_cTyNromxqQuEMQ2wHYwbnmy1R1jDujLebozBXCo2qYhRo.113.woff2 → 200 (2ms, 71484B)
[2026-05-07T10:56:44.932Z] GET https://fonts.gstatic.com/s/notosanstc/v39/-nF7OG829Oofr2wohFbTp9iFOisNA_cTyNromxqQuEMQ2wHYwbnmy1R1jDujLebozBXCo2qYhRo.111.woff2 → 200 (3ms, 74820B)
[2026-05-07T10:56:44.932Z] GET https://fonts.gstatic.com/s/notosanstc/v39/-nF7OG829Oofr2wohFbTp9iFOisNA_cTyNromxqQuEMQ2wHYwbnmy1R1jDujLebozBXCo2qYhRo.108.woff2 → 200 (3ms, 72596B)
[2026-05-07T10:56:44.932Z] GET https://fonts.gstatic.com/s/notosanstc/v39/-nF7OG829Oofr2wohFbTp9iFOisNA_cTyNromxqQuEMQ2wHYwbnmy1R1jDujLebozBXCo2qYhRo.107.woff2 → 200 (3ms, 73036B)
[2026-05-07T10:56:44.932Z] GET https://fonts.gstatic.com/s/notosanstc/v39/-nF7OG829Oofr2wohFbTp9iFOisNA_cTyNromxqQuEMQ2wHYwbnmy1R1jDujLebozBXCo2qYhRo.101.woff2 → 200 (3ms, 62524B)
[2026-05-07T10:56:44.932Z] GET https://fonts.gstatic.com/s/notosanstc/v39/-nF7OG829Oofr2wohFbTp9iFOisNA_cTyNromxqQuEMQ2wHYwbnmy1R1jDujLebozBXCo2qYhRo.46.woff2 → 200 (3ms, 54956B)
[2026-05-07T10:56:44.932Z] GET https://fonts.gstatic.com/s/notosanstc/v39/-nF7OG829Oofr2wohFbTp9iFOisNA_cTyNromxqQuEMQ2wHYwbnmy1R1jDujLebozBXCo2qYhRo.100.woff2 → 200 (33ms, 63164B)
[2026-05-07T10:56:44.971Z] GET file:///Users/tofus/that/yea-shinn/images/product8.jpg → 200 (1ms, 27261B)
[2026-05-07T10:56:44.971Z] GET file:///Users/tofus/that/yea-shinn/images/product3.jpg → 200 (2ms, 29637B)
[2026-05-07T10:56:44.971Z] GET file:///Users/tofus/that/yea-shinn/images/product4.jpg → 200 (2ms, 23997B)
[2026-05-07T10:56:44.972Z] GET file:///Users/tofus/that/yea-shinn/images/product7.jpg → 200 (1ms, 21322B)
[2026-05-07T10:56:44.997Z] GET file:///Users/tofus/that/yea-shinn/images/product2.jpg → 200 (1ms, 25123B)
[2026-05-07T10:56:44.997Z] GET file:///Users/tofus/that/yea-shinn/images/product5.jpg → 200 (1ms, 40278B)
[2026-05-07T10:56:44.997Z] GET file:///Users/tofus/that/yea-shinn/images/product6.jpg → 200 (1ms, 24784B)
[2026-05-07T10:56:44.997Z] GET file:///Users/tofus/that/yea-shinn/images/product1.jpg → 200 (1ms, 30802B)
[2026-05-07T10:57:29.187Z] GET file:///Users/tofus/that/yea-shinn/index.html → 200 (1ms, 49085B)
[2026-05-07T10:57:29.190Z] GET https://fonts.googleapis.com/css2?family=Noto+Sans+TC:wght@300;400;500;700&family=DM+Sans:ital,opsz,wght@0,9..40,300;0,9..40,400;0,9..40,500;0,9..40,700;1,9..40,400&family=Fraunces:ital,opsz,wght@0,9..144,400;0,9..144,700;1,9..144,400&display=swap → 200 (1ms, 491261B)
[2026-05-07T10:57:29.190Z] GET file:///Users/tofus/that/yea-shinn/images/ys.png → 200 (1ms, 175154B)
[2026-05-07T10:57:29.190Z] GET file:///Users/tofus/that/yea-shinn/images/_MG_0062.jpg → 200 (1ms, 151541B)
[2026-05-07T10:57:29.214Z] GET https://fonts.gstatic.com/s/notosanstc/v39/-nF7OG829Oofr2wohFbTp9i1OCEKIfVZ1w.woff2 → 200 (?ms, 25224B)
[2026-05-07T10:57:29.214Z] GET https://fonts.gstatic.com/s/dmsans/v17/rP2Hp2ywxg089UriCZOIHTWEBlw.woff2 → 200 (1ms, 62556B)
[2026-05-07T10:57:29.214Z] GET https://fonts.gstatic.com/s/fraunces/v38/6NU78FyLNQOQZAnv9bYEvDiIdE9Ea92uemAk_WBq8U_9v0c2Wa0KxC9TeP2Xz5c.woff2 → 200 (1ms, 67388B)
[2026-05-07T10:57:29.214Z] GET https://fonts.gstatic.com/s/notosanstc/v39/-nF7OG829Oofr2wohFbTp9iFOisNA_cTyNromxqQuEMQ2wHYwbnmy1R1jDujLebozBXCo2qYhRo.119.woff2 → 200 (1ms, 34592B)
[2026-05-07T10:57:29.214Z] GET https://fonts.gstatic.com/s/notosanstc/v39/-nF7OG829Oofr2wohFbTp9iFOisNA_cTyNromxqQuEMQ2wHYwbnmy1R1jDujLebozBXCo2qYhRo.118.woff2 → 200 (2ms, 60208B)
[2026-05-07T10:57:29.214Z] GET https://fonts.gstatic.com/s/notosanstc/v39/-nF7OG829Oofr2wohFbTp9iFOisNA_cTyNromxqQuEMQ2wHYwbnmy1R1jDujLebozBXCo2qYhRo.117.woff2 → 200 (1ms, 65444B)
[2026-05-07T10:57:29.214Z] GET https://fonts.gstatic.com/s/notosanstc/v39/-nF7OG829Oofr2wohFbTp9iFOisNA_cTyNromxqQuEMQ2wHYwbnmy1R1jDujLebozBXCo2qYhRo.116.woff2 → 200 (4ms, 71596B)
[2026-05-07T10:57:29.214Z] GET https://fonts.gstatic.com/s/notosanstc/v39/-nF7OG829Oofr2wohFbTp9iFOisNA_cTyNromxqQuEMQ2wHYwbnmy1R1jDujLebozBXCo2qYhRo.115.woff2 → 200 (4ms, 74404B)
[2026-05-07T10:57:29.214Z] GET https://fonts.gstatic.com/s/notosanstc/v39/-nF7OG829Oofr2wohFbTp9iFOisNA_cTyNromxqQuEMQ2wHYwbnmy1R1jDujLebozBXCo2qYhRo.104.woff2 → 200 (2ms, 68808B)
[2026-05-07T10:57:29.214Z] GET https://fonts.gstatic.com/s/notosanstc/v39/-nF7OG829Oofr2wohFbTp9iFOisNA_cTyNromxqQuEMQ2wHYwbnmy1R1jDujLebozBXCo2qYhRo.114.woff2 → 200 (4ms, 85036B)
[2026-05-07T10:57:29.214Z] GET https://fonts.gstatic.com/s/notosanstc/v39/-nF7OG829Oofr2wohFbTp9iFOisNA_cTyNromxqQuEMQ2wHYwbnmy1R1jDujLebozBXCo2qYhRo.112.woff2 → 200 (5ms, 73500B)
[2026-05-07T10:57:29.214Z] GET https://fonts.gstatic.com/s/notosanstc/v39/-nF7OG829Oofr2wohFbTp9iFOisNA_cTyNromxqQuEMQ2wHYwbnmy1R1jDujLebozBXCo2qYhRo.110.woff2 → 200 (6ms, 79300B)
[2026-05-07T10:57:29.214Z] GET https://fonts.gstatic.com/s/notosanstc/v39/-nF7OG829Oofr2wohFbTp9iFOisNA_cTyNromxqQuEMQ2wHYwbnmy1R1jDujLebozBXCo2qYhRo.109.woff2 → 200 (6ms, 71976B)
[2026-05-07T10:57:29.214Z] GET https://fonts.gstatic.com/s/notosanstc/v39/-nF7OG829Oofr2wohFbTp9iFOisNA_cTyNromxqQuEMQ2wHYwbnmy1R1jDujLebozBXCo2qYhRo.106.woff2 → 200 (5ms, 72448B)
[2026-05-07T10:57:29.214Z] GET https://fonts.gstatic.com/s/notosanstc/v39/-nF7OG829Oofr2wohFbTp9iFOisNA_cTyNromxqQuEMQ2wHYwbnmy1R1jDujLebozBXCo2qYhRo.113.woff2 → 200 (7ms, 71484B)
[2026-05-07T10:57:29.214Z] GET https://fonts.gstatic.com/s/notosanstc/v39/-nF7OG829Oofr2wohFbTp9iFOisNA_cTyNromxqQuEMQ2wHYwbnmy1R1jDujLebozBXCo2qYhRo.111.woff2 → 200 (6ms, 74820B)
[2026-05-07T10:57:29.214Z] GET https://fonts.gstatic.com/s/notosanstc/v39/-nF7OG829Oofr2wohFbTp9iFOisNA_cTyNromxqQuEMQ2wHYwbnmy1R1jDujLebozBXCo2qYhRo.108.woff2 → 200 (7ms, 72596B)
[2026-05-07T10:57:29.214Z] GET https://fonts.gstatic.com/s/notosanstc/v39/-nF7OG829Oofr2wohFbTp9iFOisNA_cTyNromxqQuEMQ2wHYwbnmy1R1jDujLebozBXCo2qYhRo.107.woff2 → 200 (8ms, 73036B)
[2026-05-07T10:57:29.214Z] GET https://fonts.gstatic.com/s/notosanstc/v39/-nF7OG829Oofr2wohFbTp9iFOisNA_cTyNromxqQuEMQ2wHYwbnmy1R1jDujLebozBXCo2qYhRo.101.woff2 → 200 (8ms, 62524B)
[2026-05-07T10:57:29.214Z] GET https://fonts.gstatic.com/s/notosanstc/v39/-nF7OG829Oofr2wohFbTp9iFOisNA_cTyNromxqQuEMQ2wHYwbnmy1R1jDujLebozBXCo2qYhRo.46.woff2 → 200 (8ms, 54956B)
[2026-05-07T10:57:29.214Z] GET https://fonts.gstatic.com/s/notosanstc/v39/-nF7OG829Oofr2wohFbTp9iFOisNA_cTyNromxqQuEMQ2wHYwbnmy1R1jDujLebozBXCo2qYhRo.100.woff2 → 200 (43ms, 63164B)
[2026-05-07T10:57:29.265Z] GET file:///Users/tofus/that/yea-shinn/images/product8.jpg → 200 (?ms, 27261B)
[2026-05-07T10:57:29.265Z] GET file:///Users/tofus/that/yea-shinn/images/product3.jpg → 200 (1ms, 29637B)
[2026-05-07T10:57:29.265Z] GET file:///Users/tofus/that/yea-shinn/images/product4.jpg → 200 (3ms, 23997B)
[2026-05-07T10:57:29.265Z] GET file:///Users/tofus/that/yea-shinn/images/product7.jpg → 200 (6ms, 21322B)
[2026-05-07T10:57:29.265Z] GET file:///Users/tofus/that/yea-shinn/images/product2.jpg → 200 (8ms, 25123B)
[2026-05-07T10:57:29.265Z] GET file:///Users/tofus/that/yea-shinn/images/product5.jpg → 200 (8ms, 40278B)
[2026-05-07T10:57:29.265Z] GET file:///Users/tofus/that/yea-shinn/images/product6.jpg → 200 (10ms, 24784B)
[2026-05-07T10:57:29.265Z] GET file:///Users/tofus/that/yea-shinn/images/product1.jpg → 200 (11ms, 30802B)
[2026-05-07T10:57:47.933Z] GET file:///Users/tofus/that/yea-shinn/index.html → 200 (?ms, 49085B)
[2026-05-07T10:57:47.936Z] GET https://fonts.googleapis.com/css2?family=Noto+Sans+TC:wght@300;400;500;700&family=DM+Sans:ital,opsz,wght@0,9..40,300;0,9..40,400;0,9..40,500;0,9..40,700;1,9..40,400&family=Fraunces:ital,opsz,wght@0,9..144,400;0,9..144,700;1,9..144,400&display=swap → 200 (3ms, 491261B)
[2026-05-07T10:57:47.936Z] GET file:///Users/tofus/that/yea-shinn/images/ys.png → 200 (1ms, 175154B)
[2026-05-07T10:57:47.936Z] GET file:///Users/tofus/that/yea-shinn/images/_MG_0062.jpg → 200 (3ms, 151541B)
[2026-05-07T10:57:47.956Z] GET https://fonts.gstatic.com/s/notosanstc/v39/-nF7OG829Oofr2wohFbTp9i1OCEKIfVZ1w.woff2 → 200 (1ms, 25224B)
[2026-05-07T10:57:47.956Z] GET https://fonts.gstatic.com/s/dmsans/v17/rP2Hp2ywxg089UriCZOIHTWEBlw.woff2 → 200 (1ms, 62556B)
[2026-05-07T10:57:47.956Z] GET https://fonts.gstatic.com/s/fraunces/v38/6NU78FyLNQOQZAnv9bYEvDiIdE9Ea92uemAk_WBq8U_9v0c2Wa0KxC9TeP2Xz5c.woff2 → 200 (1ms, 67388B)
[2026-05-07T10:57:47.956Z] GET https://fonts.gstatic.com/s/notosanstc/v39/-nF7OG829Oofr2wohFbTp9iFOisNA_cTyNromxqQuEMQ2wHYwbnmy1R1jDujLebozBXCo2qYhRo.119.woff2 → 200 (1ms, 34592B)
[2026-05-07T10:57:47.956Z] GET https://fonts.gstatic.com/s/notosanstc/v39/-nF7OG829Oofr2wohFbTp9iFOisNA_cTyNromxqQuEMQ2wHYwbnmy1R1jDujLebozBXCo2qYhRo.118.woff2 → 200 (1ms, 60208B)
[2026-05-07T10:57:47.956Z] GET https://fonts.gstatic.com/s/notosanstc/v39/-nF7OG829Oofr2wohFbTp9iFOisNA_cTyNromxqQuEMQ2wHYwbnmy1R1jDujLebozBXCo2qYhRo.117.woff2 → 200 (1ms, 65444B)
[2026-05-07T10:57:47.956Z] GET https://fonts.gstatic.com/s/notosanstc/v39/-nF7OG829Oofr2wohFbTp9iFOisNA_cTyNromxqQuEMQ2wHYwbnmy1R1jDujLebozBXCo2qYhRo.116.woff2 → 200 (1ms, 71596B)
[2026-05-07T10:57:47.956Z] GET https://fonts.gstatic.com/s/notosanstc/v39/-nF7OG829Oofr2wohFbTp9iFOisNA_cTyNromxqQuEMQ2wHYwbnmy1R1jDujLebozBXCo2qYhRo.115.woff2 → 200 (2ms, 74404B)
[2026-05-07T10:57:47.956Z] GET https://fonts.gstatic.com/s/notosanstc/v39/-nF7OG829Oofr2wohFbTp9iFOisNA_cTyNromxqQuEMQ2wHYwbnmy1R1jDujLebozBXCo2qYhRo.104.woff2 → 200 (2ms, 68808B)
[2026-05-07T10:57:47.956Z] GET https://fonts.gstatic.com/s/notosanstc/v39/-nF7OG829Oofr2wohFbTp9iFOisNA_cTyNromxqQuEMQ2wHYwbnmy1R1jDujLebozBXCo2qYhRo.114.woff2 → 200 (2ms, 85036B)
[2026-05-07T10:57:47.956Z] GET https://fonts.gstatic.com/s/notosanstc/v39/-nF7OG829Oofr2wohFbTp9iFOisNA_cTyNromxqQuEMQ2wHYwbnmy1R1jDujLebozBXCo2qYhRo.112.woff2 → 200 (2ms, 73500B)
[2026-05-07T10:57:47.956Z] GET https://fonts.gstatic.com/s/notosanstc/v39/-nF7OG829Oofr2wohFbTp9iFOisNA_cTyNromxqQuEMQ2wHYwbnmy1R1jDujLebozBXCo2qYhRo.110.woff2 → 200 (2ms, 79300B)
[2026-05-07T10:57:47.956Z] GET https://fonts.gstatic.com/s/notosanstc/v39/-nF7OG829Oofr2wohFbTp9iFOisNA_cTyNromxqQuEMQ2wHYwbnmy1R1jDujLebozBXCo2qYhRo.109.woff2 → 200 (2ms, 71976B)
[2026-05-07T10:57:47.956Z] GET https://fonts.gstatic.com/s/notosanstc/v39/-nF7OG829Oofr2wohFbTp9iFOisNA_cTyNromxqQuEMQ2wHYwbnmy1R1jDujLebozBXCo2qYhRo.106.woff2 → 200 (2ms, 72448B)
[2026-05-07T10:57:47.956Z] GET https://fonts.gstatic.com/s/notosanstc/v39/-nF7OG829Oofr2wohFbTp9iFOisNA_cTyNromxqQuEMQ2wHYwbnmy1R1jDujLebozBXCo2qYhRo.113.woff2 → 200 (2ms, 71484B)
[2026-05-07T10:57:47.957Z] GET https://fonts.gstatic.com/s/notosanstc/v39/-nF7OG829Oofr2wohFbTp9iFOisNA_cTyNromxqQuEMQ2wHYwbnmy1R1jDujLebozBXCo2qYhRo.111.woff2 → 200 (1ms, 74820B)
[2026-05-07T10:57:47.957Z] GET https://fonts.gstatic.com/s/notosanstc/v39/-nF7OG829Oofr2wohFbTp9iFOisNA_cTyNromxqQuEMQ2wHYwbnmy1R1jDujLebozBXCo2qYhRo.108.woff2 → 200 (2ms, 72596B)
[2026-05-07T10:57:47.957Z] GET https://fonts.gstatic.com/s/notosanstc/v39/-nF7OG829Oofr2wohFbTp9iFOisNA_cTyNromxqQuEMQ2wHYwbnmy1R1jDujLebozBXCo2qYhRo.107.woff2 → 200 (2ms, 73036B)
[2026-05-07T10:57:47.957Z] GET https://fonts.gstatic.com/s/notosanstc/v39/-nF7OG829Oofr2wohFbTp9iFOisNA_cTyNromxqQuEMQ2wHYwbnmy1R1jDujLebozBXCo2qYhRo.101.woff2 → 200 (2ms, 62524B)
[2026-05-07T10:57:47.957Z] GET https://fonts.gstatic.com/s/notosanstc/v39/-nF7OG829Oofr2wohFbTp9iFOisNA_cTyNromxqQuEMQ2wHYwbnmy1R1jDujLebozBXCo2qYhRo.46.woff2 → 200 (2ms, 54956B)
[2026-05-07T10:57:47.957Z] GET https://fonts.gstatic.com/s/notosanstc/v39/-nF7OG829Oofr2wohFbTp9iFOisNA_cTyNromxqQuEMQ2wHYwbnmy1R1jDujLebozBXCo2qYhRo.100.woff2 → 200 (36ms, 63164B)
[2026-05-07T10:57:47.999Z] GET file:///Users/tofus/that/yea-shinn/images/product8.jpg → 200 (1ms, 27261B)
[2026-05-07T10:57:48.000Z] GET file:///Users/tofus/that/yea-shinn/images/product3.jpg → 200 (4ms, 29637B)
[2026-05-07T10:57:48.000Z] GET file:///Users/tofus/that/yea-shinn/images/product4.jpg → 200 (4ms, 23997B)
[2026-05-07T10:57:48.000Z] GET file:///Users/tofus/that/yea-shinn/images/product7.jpg → 200 (5ms, 21322B)
[2026-05-07T10:57:48.000Z] GET file:///Users/tofus/that/yea-shinn/images/product2.jpg → 200 (5ms, 25123B)
[2026-05-07T10:57:48.000Z] GET file:///Users/tofus/that/yea-shinn/images/product5.jpg → 200 (5ms, 40278B)
[2026-05-07T10:57:48.000Z] GET file:///Users/tofus/that/yea-shinn/images/product6.jpg → 200 (6ms, 24784B)
[2026-05-07T10:57:48.000Z] GET file:///Users/tofus/that/yea-shinn/images/product1.jpg → 200 (6ms, 30802B)
